tl;dr
	# fdisk /dev/sdk
		> o [create a new empty DOS partition table]
		> n [create new partition]
		> p [primary]
		> <enter> <enter> <enter> [accept default number, start, and end sectors]
		> t [set type]
		> 7 [HPFS/NTFS/exFAT]
		> w [save and exit]
	# mkfs.vfat -F32 /dev/sdk1


Creating a flash drive out of an SDcard using current/modern tools causes
the Brother printer to say the drive is invalid and refuse to use it. Do
the following to get it working:

# fdisk /dev/sdk
		Welcome to fdisk (util-linux 2.37.2).
		Changes will remain in memory only, until you decide to write them.
		Be careful before using the write command.


	Command (m for help): m

		Help:

		  GPT
		   M   enter protective/hybrid MBR

		  Generic
		   d   delete a partition
		   F   list free unpartitioned space
		   l   list known partition types
		   n   add a new partition
		   p   print the partition table
		   t   change a partition type
		   v   verify the partition table
		   i   print information about a partition

		  Misc
		   m   print this menu
		   x   extra functionality (experts only)

		  Script
		   I   load disk layout from sfdisk script file
		   O   dump disk layout to sfdisk script file

		  Save & Exit
		   w   write table to disk and exit
		   q   quit without saving changes

		  Create a new label
		   g   create a new empty GPT partition table
		   G   create a new empty SGI (IRIX) partition table
		   o   create a new empty DOS partition table
		   s   create a new empty Sun partition table


	Command (m for help): o
		Created a new DOS disklabel with disk identifier 0xcb5c96b3.

	Command (m for help): n
		Partition type
		   p   primary (0 primary, 0 extended, 4 free)
		   e   extended (container for logical partitions)
	Select (default p): p
	Partition number (1-4, default 1):
	First sector (2048-30253055, default 2048):
	Last sector, +/-sectors or +/-size{K,M,G,T,P} (2048-30253055, default 30253055):

		Created a new partition 1 of type 'Linux' and of size 14.4 GiB.
		Partition #1 contains a vfat signature.

	Do you want to remove the signature? [Y]es/[N]o: n

	Command (m for help): t

		Selected partition 1
		Hex code or alias (type L to list all): L

		00 Empty            24 NEC DOS          81 Minix / old Lin  bf Solaris
		01 FAT12            27 Hidden NTFS Win  82 Linux swap / So  c1 DRDOS/sec (FAT-
		02 XENIX root       39 Plan 9           83 Linux            c4 DRDOS/sec (FAT-
		03 XENIX usr        3c PartitionMagic   84 OS/2 hidden or   c6 DRDOS/sec (FAT-
		04 FAT16 <32M       40 Venix 80286      85 Linux extended   c7 Syrinx
		05 Extended         41 PPC PReP Boot    86 NTFS volume set  da Non-FS data
		06 FAT16            42 SFS              87 NTFS volume set  db CP/M / CTOS / .
		07 HPFS/NTFS/exFAT  4d QNX4.x           88 Linux plaintext  de Dell Utility
		08 AIX              4e QNX4.x 2nd part  8e Linux LVM        df BootIt
		09 AIX bootable     4f QNX4.x 3rd part  93 Amoeba           e1 DOS access
		0a OS/2 Boot Manag  50 OnTrack DM       94 Amoeba BBT       e3 DOS R/O
		0b W95 FAT32        51 OnTrack DM6 Aux  9f BSD/OS           e4 SpeedStor
		0c W95 FAT32 (LBA)  52 CP/M             a0 IBM Thinkpad hi  ea Linux extended
		0e W95 FAT16 (LBA)  53 OnTrack DM6 Aux  a5 FreeBSD          eb BeOS fs
		0f W95 Ext'd (LBA)  54 OnTrackDM6       a6 OpenBSD          ee GPT
		10 OPUS             55 EZ-Drive         a7 NeXTSTEP         ef EFI (FAT-12/16/
		11 Hidden FAT12     56 Golden Bow       a8 Darwin UFS       f0 Linux/PA-RISC b
		12 Compaq diagnost  5c Priam Edisk      a9 NetBSD           f1 SpeedStor
		14 Hidden FAT16 <3  61 SpeedStor        ab Darwin boot      f4 SpeedStor
		16 Hidden FAT16     63 GNU HURD or Sys  af HFS / HFS+       f2 DOS secondary
		17 Hidden HPFS/NTF  64 Novell Netware   b7 BSDI fs          fb VMware VMFS
		18 AST SmartSleep   65 Novell Netware   b8 BSDI swap        fc VMware VMKCORE
		1b Hidden W95 FAT3  70 DiskSecure Mult  bb Boot Wizard hid  fd Linux raid auto
		1c Hidden W95 FAT3  75 PC/IX            bc Acronis FAT32 L  fe LANstep
		1e Hidden W95 FAT1  80 Old Minix        be Solaris boot     ff BBT

		Aliases:
		   linux          - 83
		   swap           - 82
		   extended       - 05
		   uefi           - EF
		   raid           - FD
		   lvm            - 8E
		   linuxex        - 85
	Hex code or alias (type L to list all): 7
		Changed type of partition 'Linux' to 'HPFS/NTFS/exFAT'.

	Command (m for help): p
		Disk /dev/sdk: 14.43 GiB, 15489564672 bytes, 30253056 sectors
		Disk model: SD/MMC          
		Units: sectors of 1 * 512 = 512 bytes
		Sector size (logical/physical): 512 bytes / 512 bytes
		I/O size (minimum/optimal): 512 bytes / 512 bytes
		Disklabel type: dos
		Disk identifier: 0xcb5c96b3

		Device     Boot Start      End  Sectors  Size Id Type
		/dev/sdk1        2048 30253055 30251008 14.4G  7 HPFS/NTFS/exFAT

	Command (m for help): w
		The partition table has been altered.
		Calling ioctl() to re-read partition table.
		Syncing disks.

$ mkfs.vfat -v -F32 /dev/sdk1
	mkfs.fat 4.1 (2017-01-24)
	/dev/sdk1 has 64 heads and 32 sectors per track,
	hidden sectors 0x0800;
	logical sector size is 512,
	using 0xf8 media descriptor, with 30251008 sectors;
	drive number 0x80;
	filesystem has 2 32-bit FATs and 16 sectors per cluster.
	FAT size is 14768 sectors, and provides 1888840 clusters.
	There are 32 reserved sectors.
	Volume ID is a3e6bb6a, no volume label.
